--------------------
../configure --prefix=/usr
Ср 08 июл 2026 18:48:22 +05
=== ztest342455.c ===
extern int getchar();
int hello() {return getchar();}
===
musl-gcc -fno-link-libatomic -idirafter /home/ildar/kyronix-ports/libs/zlib/kernel-headers -c ztest342455.c
... using gcc

Checking for compiler...
=== ztest342455.c ===
int foo() { return 0; }
===
musl-gcc -fno-link-libatomic -idirafter /home/ildar/kyronix-ports/libs/zlib/kernel-headers -c ztest342455.c
Checking for obsessive-compulsive compiler options...
=== ztest342455.c ===
int foo() { return 0; }
===
musl-gcc -fno-link-libatomic -idirafter /home/ildar/kyronix-ports/libs/zlib/kernel-headers -c -O3 -fPIC ztest342455.c

Checking for shared library support...
=== ztest342455.c ===
extern int getchar();
int hello() {return getchar();}
===
musl-gcc -fno-link-libatomic -idirafter /home/ildar/kyronix-ports/libs/zlib/kernel-headers -c -O3 -fPIC ztest342455.c
musl-gcc -fno-link-libatomic -idirafter /home/ildar/kyronix-ports/libs/zlib/kernel-headers -shared -Wl,-soname,libz.so.1,--version-script,../zlib.map -O3 -fPIC -o ztest342455.so ztest342455.o
Building shared library libz.so.1.3.2 with musl-gcc -fno-link-libatomic -idirafter /home/ildar/kyronix-ports/libs/zlib/kernel-headers.

=== ztest342455.c ===
#include <stdio.h>
#include <stdlib.h>
size_t dummy = 0;
===
musl-gcc -fno-link-libatomic -idirafter /home/ildar/kyronix-ports/libs/zlib/kernel-headers -c -O3 -fPIC ztest342455.c
Checking for size_t... Yes.

=== ztest342455.c ===
#include <sys/types.h>
off64_t dummy = 0;
===
musl-gcc -fno-link-libatomic -idirafter /home/ildar/kyronix-ports/libs/zlib/kernel-headers -c -O3 -fPIC -D_LARGEFILE64_SOURCE=1 ztest342455.c
Checking for off64_t... Yes.
Checking for fseeko... Yes.

=== ztest342455.c ===
#include <string.h>
#include <errno.h>
int main() { return strlen(strerror(errno)); }
===
musl-gcc -fno-link-libatomic -idirafter /home/ildar/kyronix-ports/libs/zlib/kernel-headers -O3 -fPIC -D_LARGEFILE64_SOURCE=1 -o ztest342455 ztest342455.c
Checking for strerror... Yes.

=== ztest342455.c ===
#include <unistd.h>
int main() { return 0; }
===
musl-gcc -fno-link-libatomic -idirafter /home/ildar/kyronix-ports/libs/zlib/kernel-headers -c -O3 -fPIC -D_LARGEFILE64_SOURCE=1 ztest342455.c
Checking for unistd.h... Yes.

=== ztest342455.c ===
#include <stdarg.h>
int main() { return 0; }
===
musl-gcc -fno-link-libatomic -idirafter /home/ildar/kyronix-ports/libs/zlib/kernel-headers -c -O3 -fPIC -D_LARGEFILE64_SOURCE=1 ztest342455.c
Checking for stdarg.h... Yes.

=== ztest342455.c ===
#include <stdio.h>
#include <stdarg.h>
#include "zconf.h"
int main()
{
#ifndef STDC
  choke me
#endif
  return 0;
}
===
musl-gcc -fno-link-libatomic -idirafter /home/ildar/kyronix-ports/libs/zlib/kernel-headers -c -O3 -fPIC -D_LARGEFILE64_SOURCE=1 ztest342455.c
Checking whether to use vs[n]printf() or s[n]printf()... using vs[n]printf().

=== ztest342455.c ===
#include <stdio.h>
#include <stdarg.h>
int mytest(const char *fmt, ...)
{
  char buf[20];
  va_list ap;
  va_start(ap, fmt);
  vsnprintf(buf, sizeof(buf), fmt, ap);
  va_end(ap);
  return 0;
}
int main()
{
  return (mytest("Hello%d\n", 1));
}
===
musl-gcc -fno-link-libatomic -idirafter /home/ildar/kyronix-ports/libs/zlib/kernel-headers -O3 -fPIC -D_LARGEFILE64_SOURCE=1 -o ztest342455 ztest342455.c
Checking for vsnprintf() in stdio.h... Yes.

=== ztest342455.c ===
#include <stdio.h>
#include <stdarg.h>
int mytest(const char *fmt, ...)
{
  int n;
  char buf[20];
  va_list ap;
  va_start(ap, fmt);
  n = vsnprintf(buf, sizeof(buf), fmt, ap);
  va_end(ap);
  return n;
}
int main()
{
  return (mytest("Hello%d\n", 1));
}
===
musl-gcc -fno-link-libatomic -idirafter /home/ildar/kyronix-ports/libs/zlib/kernel-headers -c -O3 -fPIC -D_LARGEFILE64_SOURCE=1 ztest342455.c
Checking for return value of vsnprintf()... Yes.

=== ztest342455.c ===
#define ZLIB_INTERNAL __attribute__((visibility ("hidden")))
int ZLIB_INTERNAL foo;
int main()
{
  return 0;
}
===
musl-gcc -fno-link-libatomic -idirafter /home/ildar/kyronix-ports/libs/zlib/kernel-headers -c -O3 -fPIC -D_LARGEFILE64_SOURCE=1 ztest342455.c
Checking for attribute(visibility) support... Yes.
=== ztest342455.c ===
#ifndef __s390x__
    #error
#endif
===
musl-gcc -fno-link-libatomic -idirafter /home/ildar/kyronix-ports/libs/zlib/kernel-headers -c -O3 -fPIC -D_LARGEFILE64_SOURCE=1 -DHAVE_HIDDEN ztest342455.c
ztest342455.c:2:6: error: #error 
    2 |     #error
      |      ^~~~~
(exit code 1)
Checking for s390x build ... No.

ALL = static shared all64
AR = ar
ARFLAGS = rc
CC = musl-gcc -fno-link-libatomic -idirafter /home/ildar/kyronix-ports/libs/zlib/kernel-headers
CFLAGS = -O3 -fPIC -D_LARGEFILE64_SOURCE=1 -DHAVE_HIDDEN
CPP =
EXE =
LDCONFIG = ldconfig
LDFLAGS =
LDSHARED = musl-gcc -fno-link-libatomic -idirafter /home/ildar/kyronix-ports/libs/zlib/kernel-headers -shared -Wl,-soname,libz.so.1,--version-script,../zlib.map
LDSHAREDLIBC = -lc
OBJC = $(OBJZ) $(OBJG)
PIC_OBJC = $(PIC_OBJZ) $(PIC_OBJG)
RANLIB = ranlib
SFLAGS = -O3 -fPIC -D_LARGEFILE64_SOURCE=1 -DHAVE_HIDDEN
SHAREDLIB = libz.so
SHAREDLIBM = libz.so.1
SHAREDLIBV = libz.so.1.3.2
STATICLIB = libz.a
TEST = all teststatic testshared test64
VER = 1.3.2
SRCDIR = ../
exec_prefix = ${prefix}
includedir = ${prefix}/include
libdir = ${exec_prefix}/lib
mandir = ${prefix}/share/man
prefix = /usr
sharedlibdir = ${libdir}
uname = Linux
HAVE_S390X = 0
HAVE_S390X_VX = 0
VGFMAFLAG =
--------------------


